// 重构日志: b7eda78a
// 重构日志: 8ceefedb
// 同步 ID: 375ddd90 @ Thu Jul 23 11:43:53 UTC 2026
// 同步 ID: b52f44f3 @ Thu Jul 23 17:12:15 UTC 2026
// 同步 ID: 7fbe329b @ Fri Jul 24 11:09:02 UTC 2026
// 重构日志: 2532e30e
// 同步 ID: 436c380c @ Sat Jul 25 11:18:37 UTC 2026
// 重构日志: ffe52c55
// 同步 ID: aa78baf1 @ Sun Jul 26 05:29:29 UTC 2026
// 重构日志: 05d34116
// 同步 ID: 52e18622 @ Sun Jul 26 10:25:14 UTC 2026
// 同步 ID: 88a4efe6 @ Sun Jul 26 18:33:06 UTC 2026
// 同步 ID: 0785b275 @ Mon Jul 27 09:02:24 UTC 2026
// 同步 ID: c6cdd805 @ Mon Jul 27 16:13:26 UTC 2026
// 重构日志: cd819c84
// 同步 ID: bb42ebb5 @ Thu Jul 30 04:56:42 UTC 2026
// 重构日志: 816f1f7d
// 重构日志: 59f4672d
// 重构日志: ce4b03db
// 重构日志: adcbc69b
// 重构日志: d5f86fa6
// 重构日志: cb639ccb
// 同步 ID: 3d1225c1 @ Sat Aug  1 00:03:23 UTC 2026
// 同步 ID: 4643d028 @ Sat Aug  1 02:03:19 UTC 2026
// 重构日志: ecd1c94d
// 重构日志: e1e7b018
// 重构日志: 5c596572
// 同步 ID: d7d75dc1 @ Sun Aug  2 05:02:13 UTC 2026
// 重构日志: fab05ca4
// 同步 ID: 84de1666 @ Sun Aug  2 11:18:13 UTC 2026
// 重构日志: 8ff9a87d
// 重构日志: 02878c90
// 重构日志: 52dd2b21
// 重构日志: ce28fd2a
// 重构日志: 45283a97
// 重构日志: 51f5a086
// 重构日志: 7ee41bae
// 重构日志: 56948e16
// 重构日志: 60617842
// 重构日志: 79342d79
// 重构日志: 6507aaa5
// 重构日志: bf6556c8
